Archive member included to satisfy reference by file (symbol)

c:/st/stm32cubeide_1.11.0/stm32cubeide/plugins/com.st.stm32cube.ide.mcu.externaltools.gnu-tools-for-stm32.10.3-2021.10.win32_1.0.200.202301161003/tools/bin/../lib/gcc/arm-none-eabi/10.3.1/../../../../arm-none-eabi/lib/thumb/v6-m/nofp\libc_nano.a(lib_a-errno.o)
                              ./Core/Src/syscalls.o (__errno)
c:/st/stm32cubeide_1.11.0/stm32cubeide/plugins/com.st.stm32cube.ide.mcu.externaltools.gnu-tools-for-stm32.10.3-2021.10.win32_1.0.200.202301161003/tools/bin/../lib/gcc/arm-none-eabi/10.3.1/../../../../arm-none-eabi/lib/thumb/v6-m/nofp\libc_nano.a(lib_a-exit.o)
                              c:/st/stm32cubeide_1.11.0/stm32cubeide/plugins/com.st.stm32cube.ide.mcu.externaltools.gnu-tools-for-stm32.10.3-2021.10.win32_1.0.200.202301161003/tools/bin/../lib/gcc/arm-none-eabi/10.3.1/../../../../arm-none-eabi/lib/thumb/v6-m/nofp/crt0.o (exit)
c:/st/stm32cubeide_1.11.0/stm32cubeide/plugins/com.st.stm32cube.ide.mcu.externaltools.gnu-tools-for-stm32.10.3-2021.10.win32_1.0.200.202301161003/tools/bin/../lib/gcc/arm-none-eabi/10.3.1/../../../../arm-none-eabi/lib/thumb/v6-m/nofp\libc_nano.a(lib_a-impure.o)
                              c:/st/stm32cubeide_1.11.0/stm32cubeide/plugins/com.st.stm32cube.ide.mcu.externaltools.gnu-tools-for-stm32.10.3-2021.10.win32_1.0.200.202301161003/tools/bin/../lib/gcc/arm-none-eabi/10.3.1/../../../../arm-none-eabi/lib/thumb/v6-m/nofp\libc_nano.a(lib_a-exit.o) (_global_impure_ptr)
c:/st/stm32cubeide_1.11.0/stm32cubeide/plugins/com.st.stm32cube.ide.mcu.externaltools.gnu-tools-for-stm32.10.3-2021.10.win32_1.0.200.202301161003/tools/bin/../lib/gcc/arm-none-eabi/10.3.1/../../../../arm-none-eabi/lib/thumb/v6-m/nofp\libc_nano.a(lib_a-init.o)
                              c:/st/stm32cubeide_1.11.0/stm32cubeide/plugins/com.st.stm32cube.ide.mcu.externaltools.gnu-tools-for-stm32.10.3-2021.10.win32_1.0.200.202301161003/tools/bin/../lib/gcc/arm-none-eabi/10.3.1/../../../../arm-none-eabi/lib/thumb/v6-m/nofp/crt0.o (__libc_init_array)
c:/st/stm32cubeide_1.11.0/stm32cubeide/plugins/com.st.stm32cube.ide.mcu.externaltools.gnu-tools-for-stm32.10.3-2021.10.win32_1.0.200.202301161003/tools/bin/../lib/gcc/arm-none-eabi/10.3.1/../../../../arm-none-eabi/lib/thumb/v6-m/nofp\libc_nano.a(lib_a-memcpy-stub.o)
                              ./Drivers/STM32F0xx_HAL_Driver/Src/stm32f0xx_hal_rcc.o (memcpy)
c:/st/stm32cubeide_1.11.0/stm32cubeide/plugins/com.st.stm32cube.ide.mcu.externaltools.gnu-tools-for-stm32.10.3-2021.10.win32_1.0.200.202301161003/tools/bin/../lib/gcc/arm-none-eabi/10.3.1/../../../../arm-none-eabi/lib/thumb/v6-m/nofp\libc_nano.a(lib_a-memset.o)
                              c:/st/stm32cubeide_1.11.0/stm32cubeide/plugins/com.st.stm32cube.ide.mcu.externaltools.gnu-tools-for-stm32.10.3-2021.10.win32_1.0.200.202301161003/tools/bin/../lib/gcc/arm-none-eabi/10.3.1/../../../../arm-none-eabi/lib/thumb/v6-m/nofp/crt0.o (memset)
c:/st/stm32cubeide_1.11.0/stm32cubeide/plugins/com.st.stm32cube.ide.mcu.externaltools.gnu-tools-for-stm32.10.3-2021.10.win32_1.0.200.202301161003/tools/bin/../lib/gcc/arm-none-eabi/10.3.1/thumb/v6-m/nofp\libgcc.a(_thumb1_case_uqi.o)
                              ./Drivers/STM32F0xx_HAL_Driver/Src/stm32f0xx_hal_dma.o (__gnu_thumb1_case_uqi)
c:/st/stm32cubeide_1.11.0/stm32cubeide/plugins/com.st.stm32cube.ide.mcu.externaltools.gnu-tools-for-stm32.10.3-2021.10.win32_1.0.200.202301161003/tools/bin/../lib/gcc/arm-none-eabi/10.3.1/thumb/v6-m/nofp\libgcc.a(_udivsi3.o)
                              ./Core/Src/system_stm32f0xx.o (__aeabi_uidiv)
c:/st/stm32cubeide_1.11.0/stm32cubeide/plugins/com.st.stm32cube.ide.mcu.externaltools.gnu-tools-for-stm32.10.3-2021.10.win32_1.0.200.202301161003/tools/bin/../lib/gcc/arm-none-eabi/10.3.1/thumb/v6-m/nofp\libgcc.a(_divsi3.o)
                              ./Core/Src/system_stm32f0xx.o (__aeabi_idiv)
c:/st/stm32cubeide_1.11.0/stm32cubeide/plugins/com.st.stm32cube.ide.mcu.externaltools.gnu-tools-for-stm32.10.3-2021.10.win32_1.0.200.202301161003/tools/bin/../lib/gcc/arm-none-eabi/10.3.1/thumb/v6-m/nofp\libgcc.a(_dvmd_tls.o)
                              c:/st/stm32cubeide_1.11.0/stm32cubeide/plugins/com.st.stm32cube.ide.mcu.externaltools.gnu-tools-for-stm32.10.3-2021.10.win32_1.0.200.202301161003/tools/bin/../lib/gcc/arm-none-eabi/10.3.1/thumb/v6-m/nofp\libgcc.a(_udivsi3.o) (__aeabi_idiv0)
c:/st/stm32cubeide_1.11.0/stm32cubeide/plugins/com.st.stm32cube.ide.mcu.externaltools.gnu-tools-for-stm32.10.3-2021.10.win32_1.0.200.202301161003/tools/bin/../lib/gcc/arm-none-eabi/10.3.1/thumb/v6-m/nofp\libgcc.a(_lshrdi3.o)
                              ./Drivers/STM32F0xx_HAL_Driver/Src/stm32f0xx_hal_flash.o (__aeabi_llsr)

Discarded input sections

[...]
Memory Configuration

Name             Origin             Length             Attributes
RAM              0x0000000020000000 0x0000000000004000 xrw
FLASH            0x0000000008000000 0x0000000000020000 xr
*default*        0x0000000000000000 0xffffffffffffffff

Linker script and memory map

LOAD c:/st/stm32cubeide_1.11.0/stm32cubeide/plugins/com.st.stm32cube.ide.mcu.externaltools.gnu-tools-for-stm32.10.3-2021.10.win32_1.0.200.202301161003/tools/bin/../lib/gcc/arm-none-eabi/10.3.1/thumb/v6-m/nofp/crti.o
LOAD c:/st/stm32cubeide_1.11.0/stm32cubeide/plugins/com.st.stm32cube.ide.mcu.externaltools.gnu-tools-for-stm32.10.3-2021.10.win32_1.0.200.202301161003/tools/bin/../lib/gcc/arm-none-eabi/10.3.1/thumb/v6-m/nofp/crtbegin.o
LOAD c:/st/stm32cubeide_1.11.0/stm32cubeide/plugins/com.st.stm32cube.ide.mcu.externaltools.gnu-tools-for-stm32.10.3-2021.10.win32_1.0.200.202301161003/tools/bin/../lib/gcc/arm-none-eabi/10.3.1/../../../../arm-none-eabi/lib/thumb/v6-m/nofp/crt0.o
LOAD ./Core/Src/main.o
LOAD ./Core/Src/stm32f0xx_hal_msp.o
LOAD ./Core/Src/stm32f0xx_it.o
LOAD ./Core/Src/syscalls.o
LOAD ./Core/Src/sysmem.o
LOAD ./Core/Src/system_stm32f0xx.o
LOAD ./Core/Startup/startup_stm32f072rbtx.o
LOAD ./Drivers/STM32F0xx_HAL_Driver/Src/stm32f0xx_hal.o
LOAD ./Drivers/STM32F0xx_HAL_Driver/Src/stm32f0xx_hal_cortex.o
LOAD ./Drivers/STM32F0xx_HAL_Driver/Src/stm32f0xx_hal_dma.o
LOAD ./Drivers/STM32F0xx_HAL_Driver/Src/stm32f0xx_hal_exti.o
LOAD ./Drivers/STM32F0xx_HAL_Driver/Src/stm32f0xx_hal_flash.o
LOAD ./Drivers/STM32F0xx_HAL_Driver/Src/stm32f0xx_hal_flash_ex.o
LOAD ./Drivers/STM32F0xx_HAL_Driver/Src/stm32f0xx_hal_gpio.o
LOAD ./Drivers/STM32F0xx_HAL_Driver/Src/stm32f0xx_hal_i2c.o
LOAD ./Drivers/STM32F0xx_HAL_Driver/Src/stm32f0xx_hal_i2c_ex.o
LOAD ./Drivers/STM32F0xx_HAL_Driver/Src/stm32f0xx_hal_pwr.o
LOAD ./Drivers/STM32F0xx_HAL_Driver/Src/stm32f0xx_hal_pwr_ex.o
LOAD ./Drivers/STM32F0xx_HAL_Driver/Src/stm32f0xx_hal_rcc.o
LOAD ./Drivers/STM32F0xx_HAL_Driver/Src/stm32f0xx_hal_rcc_ex.o
START GROUP
LOAD c:/st/stm32cubeide_1.11.0/stm32cubeide/plugins/com.st.stm32cube.ide.mcu.externaltools.gnu-tools-for-stm32.10.3-2021.10.win32_1.0.200.202301161003/tools/bin/../lib/gcc/arm-none-eabi/10.3.1/../../../../arm-none-eabi/lib/thumb/v6-m/nofp\libc_nano.a
LOAD c:/st/stm32cubeide_1.11.0/stm32cubeide/plugins/com.st.stm32cube.ide.mcu.externaltools.gnu-tools-for-stm32.10.3-2021.10.win32_1.0.200.202301161003/tools/bin/../lib/gcc/arm-none-eabi/10.3.1/../../../../arm-none-eabi/lib/thumb/v6-m/nofp\libm.a
END GROUP
START GROUP
LOAD c:/st/stm32cubeide_1.11.0/stm32cubeide/plugins/com.st.stm32cube.ide.mcu.externaltools.gnu-tools-for-stm32.10.3-2021.10.win32_1.0.200.202301161003/tools/bin/../lib/gcc/arm-none-eabi/10.3.1/thumb/v6-m/nofp\libgcc.a
LOAD c:/st/stm32cubeide_1.11.0/stm32cubeide/plugins/com.st.stm32cube.ide.mcu.externaltools.gnu-tools-for-stm32.10.3-2021.10.win32_1.0.200.202301161003/tools/bin/../lib/gcc/arm-none-eabi/10.3.1/../../../../arm-none-eabi/lib/thumb/v6-m/nofp\libc_nano.a
END GROUP
START GROUP
LOAD c:/st/stm32cubeide_1.11.0/stm32cubeide/plugins/com.st.stm32cube.ide.mcu.externaltools.gnu-tools-for-stm32.10.3-2021.10.win32_1.0.200.202301161003/tools/bin/../lib/gcc/arm-none-eabi/10.3.1/thumb/v6-m/nofp\libgcc.a
LOAD c:/st/stm32cubeide_1.11.0/stm32cubeide/plugins/com.st.stm32cube.ide.mcu.externaltools.gnu-tools-for-stm32.10.3-2021.10.win32_1.0.200.202301161003/tools/bin/../lib/gcc/arm-none-eabi/10.3.1/../../../../arm-none-eabi/lib/thumb/v6-m/nofp\libc_nano.a
LOAD c:/st/stm32cubeide_1.11.0/stm32cubeide/plugins/com.st.stm32cube.ide.mcu.externaltools.gnu-tools-for-stm32.10.3-2021.10.win32_1.0.200.202301161003/tools/bin/../lib/gcc/arm-none-eabi/10.3.1/../../../../arm-none-eabi/lib/thumb/v6-m/nofp\libnosys.a
END GROUP
START GROUP
LOAD c:/st/stm32cubeide_1.11.0/stm32cubeide/plugins/com.st.stm32cube.ide.mcu.externaltools.gnu-tools-for-stm32.10.3-2021.10.win32_1.0.200.202301161003/tools/bin/../lib/gcc/arm-none-eabi/10.3.1/thumb/v6-m/nofp\libgcc.a
LOAD c:/st/stm32cubeide_1.11.0/stm32cubeide/plugins/com.st.stm32cube.ide.mcu.externaltools.gnu-tools-for-stm32.10.3-2021.10.win32_1.0.200.202301161003/tools/bin/../lib/gcc/arm-none-eabi/10.3.1/../../../../arm-none-eabi/lib/thumb/v6-m/nofp\libc_nano.a
LOAD c:/st/stm32cubeide_1.11.0/stm32cubeide/plugins/com.st.stm32cube.ide.mcu.externaltools.gnu-tools-for-stm32.10.3-2021.10.win32_1.0.200.202301161003/tools/bin/../lib/gcc/arm-none-eabi/10.3.1/../../../../arm-none-eabi/lib/thumb/v6-m/nofp\libnosys.a
END GROUP
LOAD c:/st/stm32cubeide_1.11.0/stm32cubeide/plugins/com.st.stm32cube.ide.mcu.externaltools.gnu-tools-for-stm32.10.3-2021.10.win32_1.0.200.202301161003/tools/bin/../lib/gcc/arm-none-eabi/10.3.1/thumb/v6-m/nofp/crtend.o
LOAD c:/st/stm32cubeide_1.11.0/stm32cubeide/plugins/com.st.stm32cube.ide.mcu.externaltools.gnu-tools-for-stm32.10.3-2021.10.win32_1.0.200.202301161003/tools/bin/../lib/gcc/arm-none-eabi/10.3.1/thumb/v6-m/nofp/crtn.o
                0x0000000020004000                _estack = (ORIGIN (RAM) + LENGTH (RAM))
                0x0000000000000200                _Min_Heap_Size = 0x200
                0x0000000000000400                _Min_Stack_Size = 0x400

.isr_vector     0x0000000008000000       0xc0
                0x0000000008000000                . = ALIGN (0x4)
 *(.isr_vector)
 .isr_vector    0x0000000008000000       0xc0 ./Core/Startup/startup_stm32f072rbtx.o
                0x0000000008000000                g_pfnVectors
                0x00000000080000c0                . = ALIGN (0x4)

.text           0x00000000080000c0      0x198
                0x00000000080000c0                . = ALIGN (0x4)
 *(.text)
 .text          0x00000000080000c0       0x48 c:/st/stm32cubeide_1.11.0/stm32cubeide/plugins/com.st.stm32cube.ide.mcu.externaltools.gnu-tools-for-stm32.10.3-2021.10.win32_1.0.200.202301161003/tools/bin/../lib/gcc/arm-none-eabi/10.3.1/thumb/v6-m/nofp/crtbegin.o
 *(.text*)
 .text.startup.main
                0x0000000008000108       0x70 ./Core/Src/main.o
                0x0000000008000108                main
 .text.NMI_Handler
                0x0000000008000178        0x2 ./Core/Src/stm32f0xx_it.o
                0x0000000008000178                NMI_Handler
 .text.HardFault_Handler
                0x000000000800017a        0x2 ./Core/Src/stm32f0xx_it.o
                0x000000000800017a                HardFault_Handler
 .text.SVC_Handler
                0x000000000800017c        0x2 ./Core/Src/stm32f0xx_it.o
                0x000000000800017c                SVC_Handler
 .text.PendSV_Handler
                0x000000000800017e        0x2 ./Core/Src/stm32f0xx_it.o
                0x000000000800017e                PendSV_Handler
 .text.SysTick_Handler
                0x0000000008000180        0x8 ./Core/Src/stm32f0xx_it.o
                0x0000000008000180                SysTick_Handler
 .text.SystemInit
                0x0000000008000188        0x2 ./Core/Src/system_stm32f0xx.o
                0x0000000008000188                SystemInit
 *fill*         0x000000000800018a        0x2 
 .text.Reset_Handler
                0x000000000800018c       0x50 ./Core/Startup/startup_stm32f072rbtx.o
                0x000000000800018c                Reset_Handler
 .text.Default_Handler
                0x00000000080001dc        0x2 ./Core/Startup/startup_stm32f072rbtx.o
                0x00000000080001dc                TIM1_CC_IRQHandler
                0x00000000080001dc                TSC_IRQHandler
                0x00000000080001dc                ADC1_COMP_IRQHandler
                0x00000000080001dc                I2C1_IRQHandler
                0x00000000080001dc                RCC_CRS_IRQHandler
                0x00000000080001dc                SPI1_IRQHandler
                0x00000000080001dc                TIM6_DAC_IRQHandler
                0x00000000080001dc                USART3_4_IRQHandler
                0x00000000080001dc                EXTI2_3_IRQHandler
                0x00000000080001dc                I2C2_IRQHandler
                0x00000000080001dc                TIM17_IRQHandler
                0x00000000080001dc                CEC_CAN_IRQHandler
                0x00000000080001dc                RTC_IRQHandler
                0x00000000080001dc                PVD_VDDIO2_IRQHandler
                0x00000000080001dc                DMA1_Channel4_5_6_7_IRQHandler
                0x00000000080001dc                TIM16_IRQHandler
                0x00000000080001dc                TIM3_IRQHandler
                0x00000000080001dc                EXTI4_15_IRQHandler
                0x00000000080001dc                DMA1_Channel1_IRQHandler
                0x00000000080001dc                Default_Handler
                0x00000000080001dc                TIM14_IRQHandler
                0x00000000080001dc                TIM7_IRQHandler
                0x00000000080001dc                TIM15_IRQHandler
                0x00000000080001dc                EXTI0_1_IRQHandler
                0x00000000080001dc                USB_IRQHandler
                0x00000000080001dc                SPI2_IRQHandler
                0x00000000080001dc                WWDG_IRQHandler
                0x00000000080001dc                TIM2_IRQHandler
                0x00000000080001dc                DMA1_Channel2_3_IRQHandler
                0x00000000080001dc                USART2_IRQHandler
                0x00000000080001dc                FLASH_IRQHandler
                0x00000000080001dc                USART1_IRQHandler
                0x00000000080001dc                TIM1_BRK_UP_TRG_COM_IRQHandler
 *fill*         0x00000000080001de        0x2 
 .text.HAL_IncTick
                0x00000000080001e0       0x18 ./Drivers/STM32F0xx_HAL_Driver/Src/stm32f0xx_hal.o
                0x00000000080001e0                HAL_IncTick
 .text.__libc_init_array
                0x00000000080001f8       0x48 c:/st/stm32cubeide_1.11.0/stm32cubeide/plugins/com.st.stm32cube.ide.mcu.externaltools.gnu-tools-for-stm32.10.3-2021.10.win32_1.0.200.202301161003/tools/bin/../lib/gcc/arm-none-eabi/10.3.1/../../../../arm-none-eabi/lib/thumb/v6-m/nofp\libc_nano.a(lib_a-init.o)
                0x00000000080001f8                __libc_init_array
 *(.glue_7)
 .glue_7        0x0000000008000240        0x0 linker stubs
 *(.glue_7t)
 .glue_7t       0x0000000008000240        0x0 linker stubs
 *(.eh_frame)
 .eh_frame      0x0000000008000240        0x0 c:/st/stm32cubeide_1.11.0/stm32cubeide/plugins/com.st.stm32cube.ide.mcu.externaltools.gnu-tools-for-stm32.10.3-2021.10.win32_1.0.200.202301161003/tools/bin/../lib/gcc/arm-none-eabi/10.3.1/thumb/v6-m/nofp/crtbegin.o
 *(.init)
 .init          0x0000000008000240        0x4 c:/st/stm32cubeide_1.11.0/stm32cubeide/plugins/com.st.stm32cube.ide.mcu.externaltools.gnu-tools-for-stm32.10.3-2021.10.win32_1.0.200.202301161003/tools/bin/../lib/gcc/arm-none-eabi/10.3.1/thumb/v6-m/nofp/crti.o
                0x0000000008000240                _init
 .init          0x0000000008000244        0x8 c:/st/stm32cubeide_1.11.0/stm32cubeide/plugins/com.st.stm32cube.ide.mcu.externaltools.gnu-tools-for-stm32.10.3-2021.10.win32_1.0.200.202301161003/tools/bin/../lib/gcc/arm-none-eabi/10.3.1/thumb/v6-m/nofp/crtn.o
 *(.fini)
 .fini          0x000000000800024c        0x4 c:/st/stm32cubeide_1.11.0/stm32cubeide/plugins/com.st.stm32cube.ide.mcu.externaltools.gnu-tools-for-stm32.10.3-2021.10.win32_1.0.200.202301161003/tools/bin/../lib/gcc/arm-none-eabi/10.3.1/thumb/v6-m/nofp/crti.o
                0x000000000800024c                _fini
 .fini          0x0000000008000250        0x8 c:/st/stm32cubeide_1.11.0/stm32cubeide/plugins/com.st.stm32cube.ide.mcu.externaltools.gnu-tools-for-stm32.10.3-2021.10.win32_1.0.200.202301161003/tools/bin/../lib/gcc/arm-none-eabi/10.3.1/thumb/v6-m/nofp/crtn.o
                0x0000000008000258                . = ALIGN (0x4)
                0x0000000008000258                _etext = .

.vfp11_veneer   0x0000000008000258        0x0
 .vfp11_veneer  0x0000000008000258        0x0 linker stubs

.v4_bx          0x0000000008000258        0x0
 .v4_bx         0x0000000008000258        0x0 linker stubs

.iplt           0x0000000008000258        0x0
 .iplt          0x0000000008000258        0x0 c:/st/stm32cubeide_1.11.0/stm32cubeide/plugins/com.st.stm32cube.ide.mcu.externaltools.gnu-tools-for-stm32.10.3-2021.10.win32_1.0.200.202301161003/tools/bin/../lib/gcc/arm-none-eabi/10.3.1/thumb/v6-m/nofp/crtbegin.o

.rel.dyn        0x0000000008000258        0x0
 .rel.iplt      0x0000000008000258        0x0 c:/st/stm32cubeide_1.11.0/stm32cubeide/plugins/com.st.stm32cube.ide.mcu.externaltools.gnu-tools-for-stm32.10.3-2021.10.win32_1.0.200.202301161003/tools/bin/../lib/gcc/arm-none-eabi/10.3.1/thumb/v6-m/nofp/crtbegin.o

.rodata         0x0000000008000258        0x0
                0x0000000008000258                . = ALIGN (0x4)
 *(.rodata)
 *(.rodata*)
                0x0000000008000258                . = ALIGN (0x4)

.ARM.extab      0x0000000008000258        0x0
                0x0000000008000258                . = ALIGN (0x4)
 *(.ARM.extab* .gnu.linkonce.armextab.*)
                0x0000000008000258                . = ALIGN (0x4)

.ARM            0x0000000008000258        0x0
                0x0000000008000258                . = ALIGN (0x4)
                0x0000000008000258                __exidx_start = .
 *(.ARM.exidx*)
                0x0000000008000258                __exidx_end = .
                0x0000000008000258                . = ALIGN (0x4)

.preinit_array  0x0000000008000258        0x0
                0x0000000008000258                . = ALIGN (0x4)
                0x0000000008000258                PROVIDE (__preinit_array_start = .)
 *(.preinit_array*)
                0x0000000008000258                PROVIDE (__preinit_array_end = .)
                0x0000000008000258                . = ALIGN (0x4)

.init_array     0x0000000008000258        0x4
                0x0000000008000258                . = ALIGN (0x4)
                0x0000000008000258                PROVIDE (__init_array_start = .)
 *(SORT_BY_NAME(.init_array.*))
 *(.init_array*)
 .init_array    0x0000000008000258        0x4 c:/st/stm32cubeide_1.11.0/stm32cubeide/plugins/com.st.stm32cube.ide.mcu.externaltools.gnu-tools-for-stm32.10.3-2021.10.win32_1.0.200.202301161003/tools/bin/../lib/gcc/arm-none-eabi/10.3.1/thumb/v6-m/nofp/crtbegin.o
                0x000000000800025c                PROVIDE (__init_array_end = .)
                0x000000000800025c                . = ALIGN (0x4)

.fini_array     0x000000000800025c        0x4
                0x000000000800025c                . = ALIGN (0x4)
                [!provide]                        PROVIDE (__fini_array_start = .)
 *(SORT_BY_NAME(.fini_array.*))
 *(.fini_array*)
 .fini_array    0x000000000800025c        0x4 c:/st/stm32cubeide_1.11.0/stm32cubeide/plugins/com.st.stm32cube.ide.mcu.externaltools.gnu-tools-for-stm32.10.3-2021.10.win32_1.0.200.202301161003/tools/bin/../lib/gcc/arm-none-eabi/10.3.1/thumb/v6-m/nofp/crtbegin.o
                [!provide]                        PROVIDE (__fini_array_end = .)
                0x0000000008000260                . = ALIGN (0x4)
                0x0000000008000260                _sidata = LOADADDR (.data)

.data           0x0000000020000000        0x4 load address 0x0000000008000260
                0x0000000020000000                . = ALIGN (0x4)
                0x0000000020000000                _sdata = .
 *(.data)
 *(.data*)
 .data.uwTickFreq
                0x0000000020000000        0x1 ./Drivers/STM32F0xx_HAL_Driver/Src/stm32f0xx_hal.o
                0x0000000020000000                uwTickFreq
 *(.RamFunc)
 *(.RamFunc*)
                0x0000000020000004                . = ALIGN (0x4)
 *fill*         0x0000000020000001        0x3 
                0x0000000020000004                _edata = .

.igot.plt       0x0000000020000004        0x0 load address 0x0000000008000264
 .igot.plt      0x0000000020000004        0x0 c:/st/stm32cubeide_1.11.0/stm32cubeide/plugins/com.st.stm32cube.ide.mcu.externaltools.gnu-tools-for-stm32.10.3-2021.10.win32_1.0.200.202301161003/tools/bin/../lib/gcc/arm-none-eabi/10.3.1/thumb/v6-m/nofp/crtbegin.o
                0x0000000020000004                . = ALIGN (0x4)

.bss            0x0000000020000004       0x20 load address 0x0000000008000264
                0x0000000020000004                _sbss = .
                0x0000000020000004                __bss_start__ = _sbss
 *(.bss)
 .bss           0x0000000020000004       0x1c c:/st/stm32cubeide_1.11.0/stm32cubeide/plugins/com.st.stm32cube.ide.mcu.externaltools.gnu-tools-for-stm32.10.3-2021.10.win32_1.0.200.202301161003/tools/bin/../lib/gcc/arm-none-eabi/10.3.1/thumb/v6-m/nofp/crtbegin.o
 *(.bss*)
 .bss.uwTick    0x0000000020000020        0x4 ./Drivers/STM32F0xx_HAL_Driver/Src/stm32f0xx_hal.o
                0x0000000020000020                uwTick
 *(COMMON)
                0x0000000020000024                . = ALIGN (0x4)
                0x0000000020000024                _ebss = .
                0x0000000020000024                __bss_end__ = _ebss

._user_heap_stack
                0x0000000020000024      0x604 load address 0x0000000008000264
                0x0000000020000028                . = ALIGN (0x8)
 *fill*         0x0000000020000024        0x4 
                [!provide]                        PROVIDE (end = .)
                0x0000000020000028                PROVIDE (_end = .)
                0x0000000020000228                . = (. + _Min_Heap_Size)
 *fill*         0x0000000020000028      0x200 
                0x0000000020000628                . = (. + _Min_Stack_Size)
 *fill*         0x0000000020000228      0x400 
                0x0000000020000628                . = ALIGN (0x8)

/DISCARD/
 libc.a(*)
 libm.a(*)
 libgcc.a(*)

.ARM.attributes
                0x0000000000000000       0x28
 *(.ARM.attributes)
 .ARM.attributes
                0x0000000000000000       0x1e c:/st/stm32cubeide_1.11.0/stm32cubeide/plugins/com.st.stm32cube.ide.mcu.externaltools.gnu-tools-for-stm32.10.3-2021.10.win32_1.0.200.202301161003/tools/bin/../lib/gcc/arm-none-eabi/10.3.1/thumb/v6-m/nofp/crti.o
 .ARM.attributes
                0x000000000000001e       0x2c c:/st/stm32cubeide_1.11.0/stm32cubeide/plugins/com.st.stm32cube.ide.mcu.externaltools.gnu-tools-for-stm32.10.3-2021.10.win32_1.0.200.202301161003/tools/bin/../lib/gcc/arm-none-eabi/10.3.1/thumb/v6-m/nofp/crtbegin.o
 .ARM.attributes
                0x000000000000004a       0x2c ./Core/Src/main.o
 .ARM.attributes
                0x0000000000000076       0x2c ./Core/Src/stm32f0xx_it.o
 .ARM.attributes
                0x00000000000000a2       0x2c ./Core/Src/system_stm32f0xx.o
 .ARM.attributes
                0x00000000000000ce       0x21 ./Core/Startup/startup_stm32f072rbtx.o
 .ARM.attributes
                0x00000000000000ef       0x2c ./Drivers/STM32F0xx_HAL_Driver/Src/stm32f0xx_hal.o
 .ARM.attributes
                0x000000000000011b       0x2c c:/st/stm32cubeide_1.11.0/stm32cubeide/plugins/com.st.stm32cube.ide.mcu.externaltools.gnu-tools-for-stm32.10.3-2021.10.win32_1.0.200.202301161003/tools/bin/../lib/gcc/arm-none-eabi/10.3.1/../../../../arm-none-eabi/lib/thumb/v6-m/nofp\libc_nano.a(lib_a-init.o)
 .ARM.attributes
                0x0000000000000147       0x1e c:/st/stm32cubeide_1.11.0/stm32cubeide/plugins/com.st.stm32cube.ide.mcu.externaltools.gnu-tools-for-stm32.10.3-2021.10.win32_1.0.200.202301161003/tools/bin/../lib/gcc/arm-none-eabi/10.3.1/thumb/v6-m/nofp/crtn.o
OUTPUT(bare_metal.elf elf32-littlearm)
LOAD linker stubs
LOAD c:/st/stm32cubeide_1.11.0/stm32cubeide/plugins/com.st.stm32cube.ide.mcu.externaltools.gnu-tools-for-stm32.10.3-2021.10.win32_1.0.200.202301161003/tools/bin/../lib/gcc/arm-none-eabi/10.3.1/../../../../arm-none-eabi/lib/thumb/v6-m/nofp\libc.a
LOAD c:/st/stm32cubeide_1.11.0/stm32cubeide/plugins/com.st.stm32cube.ide.mcu.externaltools.gnu-tools-for-stm32.10.3-2021.10.win32_1.0.200.202301161003/tools/bin/../lib/gcc/arm-none-eabi/10.3.1/../../../../arm-none-eabi/lib/thumb/v6-m/nofp\libm.a
LOAD c:/st/stm32cubeide_1.11.0/stm32cubeide/plugins/com.st.stm32cube.ide.mcu.externaltools.gnu-tools-for-stm32.10.3-2021.10.win32_1.0.200.202301161003/tools/bin/../lib/gcc/arm-none-eabi/10.3.1/thumb/v6-m/nofp\libgcc.a

.debug_info     0x0000000000000000     0x1062
 .debug_info    0x0000000000000000      0x4f7 ./Core/Src/main.o
 .debug_info    0x00000000000004f7       0xe4 ./Core/Src/stm32f0xx_it.o
 .debug_info    0x00000000000005db      0x28f ./Core/Src/system_stm32f0xx.o
 .debug_info    0x000000000000086a       0x22 ./Core/Startup/startup_stm32f072rbtx.o
 .debug_info    0x000000000000088c      0x7d6 ./Drivers/STM32F0xx_HAL_Driver/Src/stm32f0xx_hal.o

.debug_abbrev   0x0000000000000000      0x6b2
 .debug_abbrev  0x0000000000000000      0x21e ./Core/Src/main.o
 .debug_abbrev  0x000000000000021e       0xb5 ./Core/Src/stm32f0xx_it.o
 .debug_abbrev  0x00000000000002d3      0x134 ./Core/Src/system_stm32f0xx.o
 .debug_abbrev  0x0000000000000407       0x12 ./Core/Startup/startup_stm32f072rbtx.o
 .debug_abbrev  0x0000000000000419      0x299 ./Drivers/STM32F0xx_HAL_Driver/Src/stm32f0xx_hal.o

.debug_aranges  0x0000000000000000      0x180
 .debug_aranges
                0x0000000000000000       0x30 ./Core/Src/main.o
 .debug_aranges
                0x0000000000000030       0x38 ./Core/Src/stm32f0xx_it.o
 .debug_aranges
                0x0000000000000068       0x28 ./Core/Src/system_stm32f0xx.o
 .debug_aranges
                0x0000000000000090       0x28 ./Core/Startup/startup_stm32f072rbtx.o
 .debug_aranges
                0x00000000000000b8       0xc8 ./Drivers/STM32F0xx_HAL_Driver/Src/stm32f0xx_hal.o

.debug_ranges   0x0000000000000000      0x168
 .debug_ranges  0x0000000000000000       0x50 ./Core/Src/main.o
 .debug_ranges  0x0000000000000050       0x28 ./Core/Src/stm32f0xx_it.o
 .debug_ranges  0x0000000000000078       0x18 ./Core/Src/system_stm32f0xx.o
 .debug_ranges  0x0000000000000090       0x20 ./Core/Startup/startup_stm32f072rbtx.o
 .debug_ranges  0x00000000000000b0       0xb8 ./Drivers/STM32F0xx_HAL_Driver/Src/stm32f0xx_hal.o

.debug_macro    0x0000000000000000    0x17b27
 .debug_macro   0x0000000000000000      0x1c9 ./Core/Src/main.o
 .debug_macro   0x00000000000001c9      0xa54 ./Core/Src/main.o
 .debug_macro   0x0000000000000c1d      0x127 ./Core/Src/main.o
 .debug_macro   0x0000000000000d44       0x2e ./Core/Src/main.o
 .debug_macro   0x0000000000000d72       0x22 ./Core/Src/main.o
 .debug_macro   0x0000000000000d94       0x22 ./Core/Src/main.o
 .debug_macro   0x0000000000000db6       0x8e ./Core/Src/main.o
 .debug_macro   0x0000000000000e44       0x51 ./Core/Src/main.o
 .debug_macro   0x0000000000000e95      0x103 ./Core/Src/main.o
 .debug_macro   0x0000000000000f98       0x6a ./Core/Src/main.o
 .debug_macro   0x0000000000001002      0x1df ./Core/Src/main.o
 .debug_macro   0x00000000000011e1       0x1c ./Core/Src/main.o
 .debug_macro   0x00000000000011fd       0x22 ./Core/Src/main.o
 .debug_macro   0x000000000000121f       0xaf ./Core/Src/main.o
 .debug_macro   0x00000000000012ce      0x391 ./Core/Src/main.o
 .debug_macro   0x000000000000165f     0xfe57 ./Core/Src/main.o
 .debug_macro   0x00000000000114b6       0x66 ./Core/Src/main.o
 .debug_macro   0x000000000001151c     0x34a6 ./Core/Src/main.o
 .debug_macro   0x00000000000149c2      0x174 ./Core/Src/main.o
 .debug_macro   0x0000000000014b36       0x55 ./Core/Src/main.o
 .debug_macro   0x0000000000014b8b      0x946 ./Core/Src/main.o
 .debug_macro   0x00000000000154d1      0x5f3 ./Core/Src/main.o
 .debug_macro   0x0000000000015ac4      0x1af ./Core/Src/main.o
 .debug_macro   0x0000000000015c73      0x1a7 ./Core/Src/main.o
 .debug_macro   0x0000000000015e1a      0x1a7 ./Core/Src/main.o
 .debug_macro   0x0000000000015fc1      0x22c ./Core/Src/main.o
 .debug_macro   0x00000000000161ed       0x34 ./Core/Src/main.o
 .debug_macro   0x0000000000016221       0x43 ./Core/Src/main.o
 .debug_macro   0x0000000000016264       0x28 ./Core/Src/main.o
 .debug_macro   0x000000000001628c       0xb0 ./Core/Src/main.o
 .debug_macro   0x000000000001633c      0x217 ./Core/Src/main.o
 .debug_macro   0x0000000000016553      0x22c ./Core/Src/main.o
 .debug_macro   0x000000000001677f       0x61 ./Core/Src/main.o
 .debug_macro   0x00000000000167e0       0xa5 ./Core/Src/main.o
 .debug_macro   0x0000000000016885       0x4c ./Core/Src/main.o
 .debug_macro   0x00000000000168d1      0x16d ./Core/Src/main.o
 .debug_macro   0x0000000000016a3e      0x130 ./Core/Src/main.o
 .debug_macro   0x0000000000016b6e      0x3ee ./Core/Src/main.o
 .debug_macro   0x0000000000016f5c      0x100 ./Core/Src/main.o
 .debug_macro   0x000000000001705c      0x5c5 ./Core/Src/main.o
 .debug_macro   0x0000000000017621      0x1ae ./Core/Src/stm32f0xx_it.o
 .debug_macro   0x00000000000177cf      0x19a ./Core/Src/system_stm32f0xx.o
 .debug_macro   0x0000000000017969      0x1be ./Drivers/STM32F0xx_HAL_Driver/Src/stm32f0xx_hal.o

.debug_line     0x0000000000000000     0x2169
 .debug_line    0x0000000000000000      0x8da ./Core/Src/main.o
 .debug_line    0x00000000000008da      0x6ec ./Core/Src/stm32f0xx_it.o
 .debug_line    0x0000000000000fc6      0x72e ./Core/Src/system_stm32f0xx.o
 .debug_line    0x00000000000016f4       0x89 ./Core/Startup/startup_stm32f072rbtx.o
 .debug_line    0x000000000000177d      0x9ec ./Drivers/STM32F0xx_HAL_Driver/Src/stm32f0xx_hal.o

.debug_str      0x0000000000000000    0x8a794
 .debug_str     0x0000000000000000    0x8a0cd ./Core/Src/main.o
                                      0x8a344 (size before relaxing)
 .debug_str     0x000000000008a0cd       0x82 ./Core/Src/stm32f0xx_it.o
                                      0x86992 (size before relaxing)
 .debug_str     0x000000000008a14f       0xf6 ./Core/Src/system_stm32f0xx.o
                                      0x86a18 (size before relaxing)
 .debug_str     0x000000000008a245       0x36 ./Core/Startup/startup_stm32f072rbtx.o
                                         0x67 (size before relaxing)
 .debug_str     0x000000000008a27b      0x519 ./Drivers/STM32F0xx_HAL_Driver/Src/stm32f0xx_hal.o
                                      0x8700b (size before relaxing)

.comment        0x0000000000000000       0x50
 .comment       0x0000000000000000       0x50 ./Core/Src/main.o
                                         0x51 (size before relaxing)
 .comment       0x0000000000000050       0x51 ./Core/Src/stm32f0xx_it.o
 .comment       0x0000000000000050       0x51 ./Core/Src/system_stm32f0xx.o
 .comment       0x0000000000000050       0x51 ./Drivers/STM32F0xx_HAL_Driver/Src/stm32f0xx_hal.o

.debug_frame    0x0000000000000000      0x2d0
 .debug_frame   0x0000000000000000       0x4c ./Core/Src/main.o
 .debug_frame   0x000000000000004c       0x68 ./Core/Src/stm32f0xx_it.o
 .debug_frame   0x00000000000000b4       0x3c ./Core/Src/system_stm32f0xx.o
 .debug_frame   0x00000000000000f0      0x1b4 ./Drivers/STM32F0xx_HAL_Driver/Src/stm32f0xx_hal.o
 .debug_frame   0x00000000000002a4       0x2c c:/st/stm32cubeide_1.11.0/stm32cubeide/plugins/com.st.stm32cube.ide.mcu.externaltools.gnu-tools-for-stm32.10.3-2021.10.win32_1.0.200.202301161003/tools/bin/../lib/gcc/arm-none-eabi/10.3.1/../../../../arm-none-eabi/lib/thumb/v6-m/nofp\libc_nano.a(lib_a-init.o)

.debug_loc      0x0000000000000000      0x212
 .debug_loc     0x0000000000000000      0x105 ./Core/Src/system_stm32f0xx.o
 .debug_loc     0x0000000000000105      0x10d ./Drivers/STM32F0xx_HAL_Driver/Src/stm32f0xx_hal.o
